2026-09-13 14:54:50
 31211       12:57  100 Rl+
98 %, 1406 MiB, 24564 MiB, 67, 446.12 W
---
2026-09-13 14:55:20
 31211       13:27  100 Rl+
96 %, 1406 MiB, 24564 MiB, 67, 446.41 W
---
2026-09-13 14:55:51
 31211       13:57  100 Rl+
94 %, 1406 MiB, 24564 MiB, 67, 446.02 W
---
2026-09-13 14:56:21
 31211       14:28  100 Rl+
98 %, 1406 MiB, 24564 MiB, 67, 446.16 W
---
2026-09-13 14:56:51
 31211       14:58  100 Rl+
98 %, 1406 MiB, 24564 MiB, 67, 447.05 W
---
2026-09-13 14:57:21
 31211       15:28  100 Rl+
98 %, 1406 MiB, 24564 MiB, 67, 446.12 W
---
2026-09-13 14:57:51
 31211       15:58  100 Rl+
98 %, 1406 MiB, 24564 MiB, 67, 444.96 W
---
2026-09-13 14:58:21
 31211       16:28  100 Rl+
98 %, 1406 MiB, 24564 MiB, 67, 446.16 W
---
2026-09-13 14:58:51
 31211       16:58  100 Rl+
100 %, 2626 MiB, 24564 MiB, 62, 442.00 W
---
2026-09-13 14:59:21
 31211       17:28  104 Rl+
98 %, 2670 MiB, 24564 MiB, 66, 445.22 W
    generated 3840/5000
    generated 4480/5000
    generated 5000/5000
---
2026-09-13 14:59:51
 31211       17:58  106 Rl+
90 %, 2670 MiB, 24564 MiB, 66, 439.71 W
    generated 3840/5000
    generated 4480/5000
    generated 5000/5000
---
2026-09-13 15:00:21
 31211       18:28  106 Rl+
94 %, 2670 MiB, 24564 MiB, 68, 443.94 W
    generated 3840/5000
    generated 4480/5000
    generated 5000/5000
---
2026-09-13 15:00:52
 31211       18:58  108 Rl+
94 %, 2706 MiB, 24564 MiB, 67, 445.84 W
    generated 3840/5000
    generated 4480/5000
    generated 5000/5000
---
2026-09-13 15:01:22
 31211       19:29  107 Rl+
98 %, 2706 MiB, 24564 MiB, 68, 446.49 W
    generated 3840/5000
    generated 4480/5000
    generated 5000/5000
---
2026-09-13 15:01:52
 31211       19:59  107 Rl+
98 %, 2706 MiB, 24564 MiB, 68, 446.86 W
    generated 3840/5000
    generated 4480/5000
    generated 5000/5000
---
2026-09-13 15:02:22
 31211       20:29  107 Rl+
99 %, 2734 MiB, 24564 MiB, 66, 389.35 W
    generated 3840/5000
    generated 4480/5000
    generated 5000/5000
---
2026-09-13 15:02:52
 31211       20:59  108 Rl+
95 %, 2740 MiB, 24564 MiB, 67, 446.23 W
    generated 3840/5000
    generated 4480/5000
    generated 5000/5000
---
2026-09-13 15:03:22
 31211       21:29  108 Rl+
98 %, 2740 MiB, 24564 MiB, 67, 446.11 W
    generated 3840/5000
    generated 4480/5000
    generated 5000/5000
---
2026-09-13 15:03:52
 31211       21:59  108 Rl+
98 %, 2740 MiB, 24564 MiB, 68, 446.58 W
    generated 3840/5000
    generated 4480/5000
    generated 5000/5000
---
2026-09-13 15:04:22
 31211       22:29  108 Rl+
98 %, 2740 MiB, 24564 MiB, 67, 446.62 W
    generated 3840/5000
    generated 4480/5000
    generated 5000/5000
---
2026-09-13 15:04:52
 31211       22:59  108 Rl+
96 %, 2740 MiB, 24564 MiB, 67, 445.67 W
    generated 3840/5000
    generated 4480/5000
    generated 5000/5000
---
2026-09-13 15:05:22
 31211       23:29  107 Rl+
97 %, 2740 MiB, 24564 MiB, 67, 445.98 W
    generated 3840/5000
    generated 4480/5000
    generated 5000/5000
---
2026-09-13 15:05:52
 31211       23:59  107 Rl+
98 %, 2740 MiB, 24564 MiB, 67, 446.92 W
    generated 3840/5000
    generated 4480/5000
    generated 5000/5000
---
2026-09-13 15:06:23
 31211       24:29  107 Rl+
98 %, 2740 MiB, 24564 MiB, 67, 446.83 W
    generated 3840/5000
    generated 4480/5000
    generated 5000/5000
---
2026-09-13 15:06:53
 31211       25:00  108 Rl+
97 %, 3012 MiB, 24564 MiB, 66, 445.31 W
    generated 3840/5000
    generated 4480/5000
    generated 5000/5000
---
2026-09-13 15:07:23
 31211       25:30  110 Rl+
100 %, 3012 MiB, 24564 MiB, 65, 311.96 W
    generated 3840/5000
    generated 4480/5000
    generated 5000/5000
---
2026-09-13 15:07:53
 31211       26:00  111 Rl+
97 %, 3012 MiB, 24564 MiB, 67, 446.31 W
    generated 3840/5000
    generated 4480/5000
    generated 5000/5000
---
2026-09-13 15:08:23
 31211       26:30  111 Rl+
99 %, 3012 MiB, 24564 MiB, 65, 385.39 W
    generated 3840/5000
    generated 4480/5000
    generated 5000/5000
---
2026-09-13 15:08:53
 31211       27:00  112 Rl+
98 %, 3012 MiB, 24564 MiB, 67, 446.29 W
    generated 3840/5000
    generated 4480/5000
    generated 5000/5000
---
2026-09-13 15:09:23
 31211       27:30  111 Rl+
98 %, 3012 MiB, 24564 MiB, 68, 446.13 W
    generated 3840/5000
    generated 4480/5000
    generated 5000/5000
---
2026-09-13 15:09:53
 31211       28:00  111 Rl+
96 %, 3012 MiB, 24564 MiB, 68, 445.74 W
    generated 3840/5000
    generated 4480/5000
    generated 5000/5000
---
2026-09-13 15:10:23
 31211       28:30  112 Rl+
98 %, 3012 MiB, 24564 MiB, 66, 445.89 W
    generated 3840/5000
    generated 4480/5000
    generated 5000/5000
---
2026-09-13 15:10:53
 31211       29:00  112 Rl+
98 %, 3012 MiB, 24564 MiB, 67, 446.80 W
    generated 3840/5000
    generated 4480/5000
    generated 5000/5000
---
2026-09-13 15:11:23
 31211       29:30  112 Rl+
97 %, 3012 MiB, 24564 MiB, 67, 447.74 W
    generated 3840/5000
    generated 4480/5000
    generated 5000/5000
---
2026-09-13 15:11:54
 31211       30:01  111 Rl+
97 %, 3012 MiB, 24564 MiB, 68, 445.75 W
    generated 3840/5000
    generated 4480/5000
    generated 5000/5000
---
2026-09-13 15:12:24
 31211       30:31  111 Rl+
97 %, 3012 MiB, 24564 MiB, 67, 446.33 W
    generated 3840/5000
    generated 4480/5000
    generated 5000/5000
---
2026-09-13 15:12:54
 31211       31:01  111 Rl+
98 %, 3012 MiB, 24564 MiB, 67, 446.23 W
    generated 3840/5000
    generated 4480/5000
    generated 5000/5000
---
2026-09-13 15:13:24
 31211       31:31  111 Rl+
95 %, 3012 MiB, 24564 MiB, 67, 444.96 W
    generated 3840/5000
    generated 4480/5000
    generated 5000/5000
---
2026-09-13 15:13:54
 31211       32:01  111 Rl+
98 %, 3012 MiB, 24564 MiB, 67, 446.33 W
    generated 3840/5000
    generated 4480/5000
    generated 5000/5000
---
2026-09-13 15:14:24
 31211       32:31  111 Rl+
59 %, 3012 MiB, 24564 MiB, 61, 411.45 W
    generated 3840/5000
    generated 4480/5000
    generated 5000/5000
---
2026-09-13 15:14:54
 31211       33:01  113 Rl+
96 %, 3050 MiB, 24564 MiB, 65, 445.75 W
    generated 3840/5000
    generated 4480/5000
    generated 5000/5000
---
2026-09-13 15:15:24
 31211       33:31  113 Rl+
97 %, 3424 MiB, 24564 MiB, 66, 445.88 W
    generated 3840/5000
    generated 4480/5000
    generated 5000/5000
---
2026-09-13 15:15:54
 31211       34:01  113 Rl+
97 %, 3424 MiB, 24564 MiB, 67, 446.34 W
    generated 3840/5000
    generated 4480/5000
    generated 5000/5000
---
2026-09-13 15:16:24
 31211       34:31  114 Rl+
97 %, 3458 MiB, 24564 MiB, 67, 445.86 W
    generated 3840/5000
    generated 4480/5000
    generated 5000/5000
---
2026-09-13 15:16:55
 31211       35:02  114 Rl+
97 %, 3458 MiB, 24564 MiB, 67, 445.73 W
    generated 3840/5000
    generated 4480/5000
    generated 5000/5000
---
2026-09-13 15:17:25
 31211       35:32  114 Rl+
96 %, 3458 MiB, 24564 MiB, 68, 446.39 W
    generated 3840/5000
    generated 4480/5000
    generated 5000/5000
---
2026-09-13 15:17:55
 31211       36:02  113 Rl+
99 %, 3824 MiB, 24564 MiB, 64, 374.01 W
    generated 3840/5000
    generated 4480/5000
    generated 5000/5000
---
2026-09-13 15:18:25 benchmark process ended
-rw-r--r-- 1 root root 5.7K Sep 13 15:17 runs/benchmark_all.json
    generated 1920/5000
    generated 2560/5000
    generated 3200/5000
    generated 3840/5000
    generated 4480/5000
    generated 5000/5000
    FID=21.3608, sampling=49.4s

[benchmark] sampler=dpm-solver, steps=50, NFE=99
    generated 640/5000
    generated 1280/5000
    generated 1920/5000
    generated 2560/5000
    generated 3200/5000
    generated 3840/5000
    generated 4480/5000
    generated 5000/5000
    FID=21.1919, sampling=100.5s

Saved runs/benchmark_all.json and runs/pareto_fid_nfe.png
